// Jest Snapshot v1, https://goo.gl/fbAQLP

exports[`Pruebas en <Login / > debe de hacer match con el snapshot 1`] = `
<div
  className="container mt-5"
>
  <h1>
    LoginScreen
  </h1>
  <hr />
  <button
    className="btn btn-dark"
    onClick={[Function]}
  >
    Login
  </button>
</div>
`;
